[    0.000000] Linux version 6.1.0-17-amd64 (debian-kernel@lists.debian.org) (gcc-12 (Debian 12.2.0-14) 12.2.0, GNU ld (GNU Binutils for Debian) 2.40) #1 SMP PREEMPT_DYNAMIC Debian 6.1.69-1 (2023-12-30)
[    0.000000] Command line: BOOT_IMAGE=/boot/vmlinuz-6.1.0-17-amd64 root=UUID=ae9bf598-1bbd-4697-b0de-f2be65be2dad ro quiet
[    0.000000] [Firmware Bug]: TSC doesn't count with P0 frequency!
[    0.000000] BIOS-provided physical RAM map:
[    0.000000] BIOS-e820: [mem 0x0000000000000000-0x000000000009ffff] usable
[    0.000000] BIOS-e820: [mem 0x0000000000100000-0x000000003e1b6fff] usable
[    0.000000] BIOS-e820: [mem 0x000000003e1b7000-0x000000003e1fffff] reserved
[    0.000000] BIOS-e820: [mem 0x000000003e200000-0x000000003eceefff] usable
[    0.000000] BIOS-e820: [mem 0x000000003ecef000-0x000000003edeefff] reserved
[    0.000000] BIOS-e820: [mem 0x000000003edef000-0x000000003eeeefff] type 20
[    0.000000] BIOS-e820: [mem 0x000000003eeef000-0x000000003ef6efff] reserved
[    0.000000] BIOS-e820: [mem 0x000000003ef6f000-0x000000003ef7efff] ACPI data
[    0.000000] BIOS-e820: [mem 0x000000003ef7f000-0x000000003effefff] ACPI NVS
[    0.000000] BIOS-e820: [mem 0x000000003efff000-0x000000003f36afff] usable
[    0.000000] BIOS-e820: [mem 0x000000003f36b000-0x000000003ff6afff] type 20
[    0.000000] BIOS-e820: [mem 0x000000003ff6b000-0x000000003ffeefff] reserved
[    0.000000] BIOS-e820: [mem 0x000000003ffef000-0x000000003ffeffff] type 20
[    0.000000] BIOS-e820: [mem 0x00000000ffc00000-0x00000000ffffffff] reserved
[    0.000000] NX (Execute Disable) protection: active
[    0.000000] efi: EFI v2.70 by EDK II
[    0.000000] efi: ACPI=0x3ef7e000 ACPI 2.0=0x3ef7e014 SMBIOS=0x3effd000 
[    0.000000] secureboot: Secure boot disabled
[    0.000000] SMBIOS 2.5 present.
[    0.000000] DMI: innotek GmbH VirtualBox/VirtualBox, BIOS VirtualBox 12/01/2006
[    0.000000] Hypervisor detected: KVM
[    0.000000] kvm-clock: Using msrs 4b564d01 and 4b564d00
[    0.000008] kvm-clock: using sched offset of 18963600574 cycles
[    0.000017] clocksource: kvm-clock: mask: 0xffffffffffffffff max_cycles: 0x1cd42e4dffb, max_idle_ns: 881590591483 ns
[    0.000025] tsc: Detected 2994.372 MHz processor
[    0.003069] e820: update [mem 0x00000000-0x00000fff] usable ==> reserved
[    0.003085] e820: remove [mem 0x000a0000-0x000fffff] usable
[    0.003105] last_pfn = 0x3f36b max_arch_pfn = 0x400000000
[    0.003140] Disabled
[    0.003142] x86/PAT: MTRRs disabled, skipping PAT initialization too.
[    0.003148] CPU MTRRs all blank - virtualized system.
[    0.003154] x86/PAT: Configuration [0-7]: WB  WT  UC- UC  WB  WT  UC- UC  
[    0.003248] found SMP MP-table at [mem 0x0009fff0-0x0009ffff]
[    0.004496] RAMDISK: [mem 0x33765000-0x35ba9fff]
[    0.004513] ACPI: Early table checksum verification disabled
[    0.004521] ACPI: RSDP 0x000000003EF7E014 000024 (v02 VBOX  )
[    0.004533] ACPI: XSDT 0x000000003EF7D0E8 000044 (v01 VBOX   VBOXFACP 00000001      01000013)
[    0.004548] ACPI: FACP 0x000000003EF79000 0000F4 (v04 VBOX   VBOXFACP 00000001 ASL  00000061)
[    0.004562] ACPI: DSDT 0x000000003EF7A000 002353 (v02 VBOX   VBOXBIOS 00000002 INTL 20100528)
[    0.004572] ACPI: FACS 0x000000003EFFE000 000040
[    0.004580] ACPI: APIC 0x000000003EF78000 000054 (v02 VBOX   VBOXAPIC 00000001 ASL  00000061)
[    0.004589] ACPI: SSDT 0x000000003EF77000 00036C (v01 VBOX   VBOXCPUT 00000002 INTL 20100528)
[    0.004599] ACPI: BGRT 0x000000003EF76000 000038 (v01 INTEL  EDK2     00000002      01000013)
[    0.004607] ACPI: Reserving FACP table memory at [mem 0x3ef79000-0x3ef790f3]
[    0.004611] ACPI: Reserving DSDT table memory at [mem 0x3ef7a000-0x3ef7c352]
[    0.004614] ACPI: Reserving FACS table memory at [mem 0x3effe000-0x3effe03f]
[    0.004617] ACPI: Reserving APIC table memory at [mem 0x3ef78000-0x3ef78053]
[    0.004619] ACPI: Reserving SSDT table memory at [mem 0x3ef77000-0x3ef7736b]
[    0.004622] ACPI: Reserving BGRT table memory at [mem 0x3ef76000-0x3ef76037]
[    0.005085] No NUMA configuration found
[    0.005088] Faking a node at [mem 0x0000000000000000-0x000000003f36afff]
[    0.005118] NODE_DATA(0) allocated [mem 0x3f2d5000-0x3f2fffff]
[    0.005844] Zone ranges:
[    0.005846]   DMA      [mem 0x0000000000001000-0x0000000000ffffff]
[    0.005851]   DMA32    [mem 0x0000000001000000-0x000000003f36afff]
[    0.005856]   Normal   empty
[    0.005859]   Device   empty
[    0.005862] Movable zone start for each node
[    0.005870] Early memory node ranges
[    0.005871]   node   0: [mem 0x0000000000001000-0x000000000009ffff]
[    0.005875]   node   0: [mem 0x0000000000100000-0x000000003e1b6fff]
[    0.005878]   node   0: [mem 0x000000003e200000-0x000000003eceefff]
[    0.005881]   node   0: [mem 0x000000003efff000-0x000000003f36afff]
[    0.005885] Initmem setup node 0 [mem 0x0000000000001000-0x000000003f36afff]
[    0.013507] On node 0, zone DMA: 1 pages in unavailable ranges
[    0.013577] On node 0, zone DMA: 96 pages in unavailable ranges
[    0.023063] On node 0, zone DMA32: 73 pages in unavailable ranges
[    0.023093] On node 0, zone DMA32: 784 pages in unavailable ranges
[    0.023169] On node 0, zone DMA32: 3221 pages in unavailable ranges
[    0.024135] ACPI: PM-Timer IO Port: 0xb008
[    0.024230] IOAPIC[0]: apic_id 1, version 32, address 0xfec00000, GSI 0-23
[    0.024237] ACPI: INT_SRC_OVR (bus 0 bus_irq 0 global_irq 2 dfl dfl)
[    0.024241] ACPI: INT_SRC_OVR (bus 0 bus_irq 9 global_irq 9 low level)
[    0.024250] ACPI: Using ACPI (MADT) for SMP configuration information
[    0.024269] e820: update [mem 0x3d853000-0x3d86dfff] usable ==> reserved
[    0.024300] smpboot: Allowing 1 CPUs, 0 hotplug CPUs
[    0.024349] PM: hibernation: Registered nosave memory: [mem 0x00000000-0x00000fff]
[    0.024353] PM: hibernation: Registered nosave memory: [mem 0x000a0000-0x000fffff]
[    0.024357] PM: hibernation: Registered nosave memory: [mem 0x3d853000-0x3d86dfff]
[    0.024360] PM: hibernation: Registered nosave memory: [mem 0x3e1b7000-0x3e1fffff]
[    0.024363] PM: hibernation: Registered nosave memory: [mem 0x3ecef000-0x3edeefff]
[    0.024365] PM: hibernation: Registered nosave memory: [mem 0x3edef000-0x3eeeefff]
[    0.024367] PM: hibernation: Registered nosave memory: [mem 0x3eeef000-0x3ef6efff]
[    0.024368] PM: hibernation: Registered nosave memory: [mem 0x3ef6f000-0x3ef7efff]
[    0.024370] PM: hibernation: Registered nosave memory: [mem 0x3ef7f000-0x3effefff]
[    0.024373] [mem 0x3fff0000-0xffbfffff] available for PCI devices
[    0.024376] Booting paravirtualized kernel on KVM
[    0.024381] clocksource: refined-jiffies: mask: 0xffffffff max_cycles: 0xffffffff, max_idle_ns: 7645519600211568 ns
[    0.035403] setup_percpu: NR_CPUS:8192 nr_cpumask_bits:1 nr_cpu_ids:1 nr_node_ids:1
[    0.042561] percpu: Embedded 61 pages/cpu s212992 r8192 d28672 u2097152
[    0.042584] pcpu-alloc: s212992 r8192 d28672 u2097152 alloc=1*2097152
[    0.042590] pcpu-alloc: [0] 0 
[    0.042660] kvm-guest: PV spinlocks disabled, single CPU
[    0.042674] Fallback order for Node 0: 0 
[    0.042679] Built 1 zonelists, mobility grouping on.  Total pages: 253764
[    0.042682] Policy zone: DMA32
[    0.042685] Kernel command line: BOOT_IMAGE=/boot/vmlinuz-6.1.0-17-amd64 root=UUID=ae9bf598-1bbd-4697-b0de-f2be65be2dad ro quiet
[    0.042786] Unknown kernel command line parameters "BOOT_IMAGE=/boot/vmlinuz-6.1.0-17-amd64", will be passed to user space.
[    0.042854] random: crng init done
[    0.043124] Dentry cache hash table entries: 131072 (order: 8, 1048576 bytes, linear)
[    0.043257] Inode-cache hash table entries: 65536 (order: 7, 524288 bytes, linear)
[    0.043306] mem auto-init: stack:all(zero), heap alloc:on, heap free:off
[    0.061798] Memory: 260860K/1031876K available (14342K kernel code, 2331K rwdata, 9048K rodata, 2792K init, 17416K bss, 133500K reserved, 0K cma-reserved)
[    0.062097] SLUB: HWalign=64, Order=0-3, MinObjects=0, CPUs=1, Nodes=1
[    0.062147] ftrace: allocating 40159 entries in 157 pages
[    0.077484] ftrace: allocated 157 pages with 5 groups
[    0.078963] Dynamic Preempt: voluntary
[    0.085728] rcu: Preemptible hierarchical RCU implementation.
[    0.085782] rcu: 	RCU restricting CPUs from NR_CPUS=8192 to nr_cpu_ids=1.
[    0.085788] 	Trampoline variant of Tasks RCU enabled.
[    0.085789] 	Rude variant of Tasks RCU enabled.
[    0.085790] 	Tracing variant of Tasks RCU enabled.
[    0.085792] rcu: RCU calculated value of scheduler-enlistment delay is 25 jiffies.
[    0.085795] rcu: Adjusting geometry for rcu_fanout_leaf=16, nr_cpu_ids=1
[    0.098128] NR_IRQS: 524544, nr_irqs: 256, preallocated irqs: 16
[    0.098480] rcu: srcu_init: Setting srcu_struct sizes based on contention.
[    0.098669] Console: colour dummy device 80x25
[    0.098705] printk: console [tty0] enabled
[    0.098738] ACPI: Core revision 20220331
[    0.099043] APIC: Switch to symmetric I/O mode setup
[    0.099747] x2apic enabled
[    0.100520] Switched APIC routing to physical x2apic.
[    0.103568] ..TIMER: vector=0x30 apic1=0 pin1=2 apic2=-1 pin2=-1
[    0.103718] clocksource: tsc-early: mask: 0xffffffffffffffff max_cycles: 0x2b29812ce43, max_idle_ns: 440795323173 ns
[    0.103737] Calibrating delay loop (skipped) preset value.. 5988.74 BogoMIPS (lpj=11977488)
[    0.103937] CPU0: Hyper-Threading is disabled
[    0.103981] process: using mwait in idle threads
[    0.103987] Last level iTLB entries: 4KB 1024, 2MB 1024, 4MB 512
[    0.103991] Last level dTLB entries: 4KB 2048, 2MB 2048, 4MB 1024, 1GB 0
[    0.103999] Spectre V1 : Mitigation: usercopy/swapgs barriers and __user pointer sanitization
[    0.104004] Spectre V2 : Mitigation: Retpolines
[    0.104006] Spectre V2 : Spectre v2 / SpectreRSB mitigation: Filling RSB on context switch
[    0.104008] Spectre V2 : Spectre v2 / SpectreRSB : Filling RSB on VMEXIT
[    0.104010] RETBleed: Mitigation: untrained return thunk
[    0.104015] Speculative Return Stack Overflow: IBPB-extending microcode not applied!
[    0.104017] Speculative Return Stack Overflow: WARNING: See https://kernel.org/doc/html/latest/admin-guide/hw-vuln/srso.html for mitigation options.
[    0.104020] Speculative Return Stack Overflow: Mitigation: safe RET, no microcode
[    0.104058] x86/fpu: Supporting XSAVE feature 0x001: 'x87 floating point registers'
[    0.104061] x86/fpu: Supporting XSAVE feature 0x002: 'SSE registers'
[    0.104064] x86/fpu: Supporting XSAVE feature 0x004: 'AVX registers'
[    0.104067] x86/fpu: xstate_offset[2]:  576, xstate_sizes[2]:  256
[    0.104071] x86/fpu: Enabled xstate features 0x7, context size is 832 bytes, using 'standard' format.
[    0.175954] Freeing SMP alternatives memory: 36K
[    0.175965] pid_max: default: 32768 minimum: 301
[    0.188994] LSM: Security Framework initializing
[    0.189023] landlock: Up and running.
[    0.189025] Yama: disabled by default; enable with sysctl kernel.yama.*
[    0.189068] AppArmor: AppArmor initialized
[    0.189071] TOMOYO Linux initialized
[    0.189080] LSM support for eBPF active
[    0.189118] Mount-cache hash table entries: 2048 (order: 2, 16384 bytes, linear)
[    0.189125] Mountpoint-cache hash table entries: 2048 (order: 2, 16384 bytes, linear)
[    0.523732] APIC calibration not consistent with PM-Timer: 404ms instead of 100ms
[    0.523740] APIC delta adjusted to PM-Timer: 6256447 (25277514)
[    0.523885] smpboot: CPU0: AMD Ryzen 5 4600HS with Radeon Graphics (family: 0x17, model: 0x60, stepping: 0x1)
[    0.527893] cblist_init_generic: Setting adjustable number of callback queues.
[    0.527896] cblist_init_generic: Setting shift to 0 and lim to 1.
[    0.527922] cblist_init_generic: Setting adjustable number of callback queues.
[    0.527924] cblist_init_generic: Setting shift to 0 and lim to 1.
[    0.527947] cblist_init_generic: Setting adjustable number of callback queues.
[    0.527949] cblist_init_generic: Setting shift to 0 and lim to 1.
[    0.527969] Performance Events: PMU not available due to virtualization, using software events only.
[    0.528016] signal: max sigframe size: 1776
[    0.528055] rcu: Hierarchical SRCU implementation.
[    0.528057] rcu: 	Max phase no-delay instances is 1000.
[    0.528541] NMI watchdog: Perf NMI watchdog permanently disabled
[    0.528618] smp: Bringing up secondary CPUs ...
[    0.528620] smp: Brought up 1 node, 1 CPU
[    0.528623] smpboot: Max logical packages: 1
[    0.528625] smpboot: Total of 1 processors activated (5988.74 BogoMIPS)
[    0.540260] node 0 deferred pages initialised in 12ms
[    0.540591] devtmpfs: initialized
[    0.540680] x86/mm: Memory block size: 128MB
[    0.543762] ACPI: PM: Registering ACPI NVS region [mem 0x3ef7f000-0x3effefff] (524288 bytes)
[    0.543864] clocksource: jiffies: mask: 0xffffffff max_cycles: 0xffffffff, max_idle_ns: 7645041785100000 ns
[    0.543873] futex hash table entries: 256 (order: 2, 16384 bytes, linear)
[    0.543949] pinctrl core: initialized pinctrl subsystem
[    0.545142] NET: Registered PF_NETLINK/PF_ROUTE protocol family
[    0.547883] DMA: preallocated 128 KiB GFP_KERNEL pool for atomic allocations
[    0.547927] DMA: preallocated 128 KiB GFP_KERNEL|GFP_DMA pool for atomic allocations
[    0.547948] DMA: preallocated 128 KiB GFP_KERNEL|GFP_DMA32 pool for atomic allocations
[    0.547970] audit: initializing netlink subsys (disabled)
[    0.548263] thermal_sys: Registered thermal governor 'fair_share'
[    0.548266] thermal_sys: Registered thermal governor 'bang_bang'
[    0.548268] thermal_sys: Registered thermal governor 'step_wise'
[    0.548269] thermal_sys: Registered thermal governor 'user_space'
[    0.548270] thermal_sys: Registered thermal governor 'power_allocator'
[    0.548290] cpuidle: using governor ladder
[    0.548297] cpuidle: using governor menu
[    0.548863] acpiphp: ACPI Hot Plug PCI Controller Driver version: 0.5
[    0.551750] PCI: Using configuration type 1 for base access
[    0.551753] PCI: Using configuration type 1 for extended access
[    0.555751] audit: type=2000 audit(1706035184.548:1): state=initialized audit_enabled=0 res=1
[    0.556004] kprobes: kprobe jump-optimization is enabled. All kprobes are optimized if possible.
[    0.683947] HugeTLB: registered 2.00 MiB page size, pre-allocated 0 pages
[    0.683953] HugeTLB: 28 KiB vmemmap can be freed for a 2.00 MiB page
[    0.690469] ACPI: Added _OSI(Module Device)
[    0.690473] ACPI: Added _OSI(Processor Device)
[    0.690475] ACPI: Added _OSI(3.0 _SCP Extensions)
[    0.690477] ACPI: Added _OSI(Processor Aggregator Device)
[    0.693140] ACPI: 2 ACPI AML tables successfully acquired and loaded
[    0.695495] ACPI: Interpreter enabled
[    0.695516] ACPI: PM: (supports S0 S5)
[    0.695518] ACPI: Using IOAPIC for interrupt routing
[    0.695729] PCI: Using host bridge windows from ACPI; if necessary, use "pci=nocrs" and report a bug
[    0.695729] PCI: Using E820 reservations for host bridge windows
[    0.695903] ACPI: Enabled 2 GPEs in block 00 to 07
[    0.704654] ACPI: PCI Root Bridge [PCI0] (domain 0000 [bus 00-ff])
[    0.704668] acpi PNP0A03:00: _OSC: OS supports [ExtendedConfig ASPM ClockPM Segments MSI HPX-Type3]
[    0.705336] acpi PNP0A03:00: _OSC: platform does not support [PCIeCapability LTR]
[    0.705930] acpi PNP0A03:00: _OSC: not requesting control; platform does not support [PCIeCapability]
[    0.705935] acpi PNP0A03:00: _OSC: OS requested [PCIeHotplug SHPCHotplug PME AER PCIeCapability LTR]
[    0.705938] acpi PNP0A03:00: _OSC: platform willing to grant [PCIeHotplug SHPCHotplug PME AER]
[    0.705941] acpi PNP0A03:00: _OSC: platform retains control of PCIe features (AE_SUPPORT)
[    0.706683] PCI host bridge to bus 0000:00
[    0.706689] pci_bus 0000:00: root bus resource [io  0x0000-0x0cf7 window]
[    0.706694] pci_bus 0000:00: root bus resource [io  0x0d00-0xffff window]
[    0.706697] pci_bus 0000:00: root bus resource [mem 0x000a0000-0x000bffff window]
[    0.706700] pci_bus 0000:00: root bus resource [mem 0x40000000-0xfdffffff window]
[    0.706704] pci_bus 0000:00: root bus resource [bus 00-ff]
[    0.707415] pci 0000:00:00.0: [8086:1237] type 00 class 0x060000
[    0.708484] pci 0000:00:01.0: [8086:7000] type 00 class 0x060100
[    0.709838] pci 0000:00:01.1: [8086:7111] type 00 class 0x01018a
[    0.710608] pci 0000:00:01.1: reg 0x20: [io  0xc180-0xc18f]
[    0.710904] pci 0000:00:01.1: legacy IDE quirk: reg 0x10: [io  0x01f0-0x01f7]
[    0.710908] pci 0000:00:01.1: legacy IDE quirk: reg 0x14: [io  0x03f6]
[    0.710911] pci 0000:00:01.1: legacy IDE quirk: reg 0x18: [io  0x0170-0x0177]
[    0.710913] pci 0000:00:01.1: legacy IDE quirk: reg 0x1c: [io  0x0376]
[    0.711281] pci 0000:00:02.0: [15ad:0405] type 00 class 0x030000
[    0.712274] pci 0000:00:02.0: reg 0x10: [io  0xc170-0xc17f]
[    0.713685] pci 0000:00:02.0: reg 0x14: [mem 0x80000000-0x80ffffff pref]
[    0.715051] pci 0000:00:02.0: reg 0x18: [mem 0x81400000-0x815fffff]
[    0.721313] pci 0000:00:02.0: BAR 1: assigned to efifb
[    0.721408] pci 0000:00:02.0: Video device with shadowed ROM at [mem 0x000c0000-0x000dffff]
[    0.722088] pci 0000:00:03.0: [8086:100e] type 00 class 0x020000
[    0.723343] pci 0000:00:03.0: reg 0x10: [mem 0x81600000-0x8161ffff]
[    0.725137] pci 0000:00:03.0: reg 0x18: [io  0xc1a0-0xc1a7]
[    0.730805] pci 0000:00:04.0: [80ee:cafe] type 00 class 0x088000
[    0.731914] pci 0000:00:04.0: reg 0x10: [io  0xc140-0xc15f]
[    0.733068] pci 0000:00:04.0: reg 0x14: [mem 0x81000000-0x813fffff]
[    0.734124] pci 0000:00:04.0: reg 0x18: [mem 0x81620000-0x81623fff pref]
[    0.738147] pci 0000:00:05.0: [8086:2415] type 00 class 0x040100
[    0.738504] pci 0000:00:05.0: reg 0x10: [io  0xc000-0xc0ff]
[    0.738633] pci 0000:00:05.0: reg 0x14: [io  0xc100-0xc13f]
[    0.739892] pci 0000:00:06.0: [106b:003f] type 00 class 0x0c0310
[    0.741048] pci 0000:00:06.0: reg 0x10: [mem 0x81627000-0x81627fff]
[    0.747834] pci 0000:00:07.0: [8086:7113] type 00 class 0x068000
[    0.748931] pci 0000:00:07.0: quirk: [io  0xb000-0xb03f] claimed by PIIX4 ACPI
[    0.748955] pci 0000:00:07.0: quirk: [io  0x4100-0x410f] claimed by PIIX4 SMB
[    0.749455] pci 0000:00:0b.0: [8086:265c] type 00 class 0x0c0320
[    0.750541] pci 0000:00:0b.0: reg 0x10: [mem 0x81626000-0x81626fff]
[    0.757877] pci 0000:00:0d.0: [8086:2829] type 00 class 0x010601
[    0.759139] pci 0000:00:0d.0: reg 0x10: [io  0xc198-0xc19f]
[    0.759942] pci 0000:00:0d.0: reg 0x14: [io  0xc1ac-0xc1af]
[    0.760958] pci 0000:00:0d.0: reg 0x18: [io  0xc190-0xc197]
[    0.761959] pci 0000:00:0d.0: reg 0x1c: [io  0xc1a8-0xc1ab]
[    0.762974] pci 0000:00:0d.0: reg 0x20: [io  0xc160-0xc16f]
[    0.763975] pci 0000:00:0d.0: reg 0x24: [mem 0x81624000-0x81625fff]
[    0.768751] ACPI: PCI: Interrupt link LNKA configured for IRQ 10
[    0.769197] ACPI: PCI: Interrupt link LNKB configured for IRQ 10
[    0.769360] ACPI: PCI: Interrupt link LNKC configured for IRQ 11
[    0.769552] ACPI: PCI: Interrupt link LNKD configured for IRQ 11
[    0.770079] iommu: Default domain type: Translated 
[    0.770082] iommu: DMA domain TLB invalidation policy: lazy mode 
[    0.770219] pps_core: LinuxPPS API ver. 1 registered
[    0.770222] pps_core: Software ver. 5.3.6 - Copyright 2005-2007 Rodolfo Giometti <giometti@linux.it>
[    0.770233] PTP clock support registered
[    0.770252] EDAC MC: Ver: 3.0.0
[    0.770852] Registered efivars operations
[    0.771401] NetLabel: Initializing
[    0.771403] NetLabel:  domain hash size = 128
[    0.771405] NetLabel:  protocols = UNLABELED CIPSOv4 CALIPSO
[    0.771432] NetLabel:  unlabeled traffic allowed by default
[    0.771439] PCI: Using ACPI for IRQ routing
[    0.771442] PCI: pci_cache_line_size set to 64 bytes
[    0.772147] e820: reserve RAM buffer [mem 0x3d853000-0x3fffffff]
[    0.772158] e820: reserve RAM buffer [mem 0x3e1b7000-0x3fffffff]
[    0.772162] e820: reserve RAM buffer [mem 0x3ecef000-0x3fffffff]
[    0.772165] e820: reserve RAM buffer [mem 0x3f36b000-0x3fffffff]
[    0.772273] pci 0000:00:02.0: vgaarb: setting as boot VGA device
[    0.772278] pci 0000:00:02.0: vgaarb: bridge control possible
[    0.772280] pci 0000:00:02.0: vgaarb: VGA device added: decodes=io+mem,owns=io+mem,locks=none
[    0.772284] vgaarb: loaded
[    0.772479] clocksource: Switched to clocksource kvm-clock
[    0.817905] VFS: Disk quotas dquot_6.6.0
[    0.817931] VFS: Dquot-cache hash table entries: 512 (order 0, 4096 bytes)
[    0.818141] AppArmor: AppArmor Filesystem Enabled
[    0.818172] pnp: PnP ACPI init
[    0.819701] pnp: PnP ACPI: found 2 devices
[    0.827401] clocksource: acpi_pm: mask: 0xffffff max_cycles: 0xffffff, max_idle_ns: 2085701024 ns
[    0.827544] NET: Registered PF_INET protocol family
[    0.827642] IP idents hash table entries: 16384 (order: 5, 131072 bytes, linear)
[    0.829487] tcp_listen_portaddr_hash hash table entries: 512 (order: 1, 8192 bytes, linear)
[    0.829559] Table-perturb hash table entries: 65536 (order: 6, 262144 bytes, linear)
[    0.829585] TCP established hash table entries: 8192 (order: 4, 65536 bytes, linear)
[    0.829662] TCP bind hash table entries: 8192 (order: 6, 262144 bytes, linear)
[    0.829701] TCP: Hash tables configured (established 8192 bind 8192)
[    0.829871] MPTCP token hash table entries: 1024 (order: 2, 24576 bytes, linear)
[    0.829910] UDP hash table entries: 512 (order: 2, 16384 bytes, linear)
[    0.829920] UDP-Lite hash table entries: 512 (order: 2, 16384 bytes, linear)
[    0.829985] NET: Registered PF_UNIX/PF_LOCAL protocol family
[    0.830006] NET: Registered PF_XDP protocol family
[    0.830027] pci_bus 0000:00: resource 4 [io  0x0000-0x0cf7 window]
[    0.830033] pci_bus 0000:00: resource 5 [io  0x0d00-0xffff window]
[    0.830036] pci_bus 0000:00: resource 6 [mem 0x000a0000-0x000bffff window]
[    0.830039] pci_bus 0000:00: resource 7 [mem 0x40000000-0xfdffffff window]
[    0.830113] pci 0000:00:00.0: Limiting direct PCI/PCI transfers
[    0.833854] PCI: CLS 0 bytes, default 64
[    0.834008] Trying to unpack rootfs image as initramfs...
[    0.837275] clocksource: tsc: mask: 0xffffffffffffffff max_cycles: 0x2b29812ce43, max_idle_ns: 440795323173 ns
[    0.837301] clocksource: Switched to clocksource tsc
[    0.837370] platform rtc_cmos: registered platform RTC device (no PNP device found)
[    0.837895] Initialise system trusted keyrings
[    0.837913] Key type blacklist registered
[    0.848582] workingset: timestamp_bits=36 max_order=18 bucket_order=0
[    0.851140] zbud: loaded
[    0.851552] integrity: Platform Keyring initialized
[    0.851561] integrity: Machine keyring initialized
[    0.851563] Key type asymmetric registered
[    0.851566] Asymmetric key parser 'x509' registered
[    1.682887] Freeing initrd memory: 37140K
[    1.696600] alg: self-tests for CTR-KDF (hmac(sha256)) passed
[    1.696646] Block layer SCSI generic (bsg) driver version 0.4 loaded (major 248)
[    1.696769] io scheduler mq-deadline registered
[    1.698210] shpchp: Standard Hot Plug PCI Controller Driver version: 0.4
[    1.698646] Serial: 8250/16550 driver, 4 ports, IRQ sharing enabled
[    1.699235] Linux agpgart interface v0.103
[    1.699436] AMD-Vi: AMD IOMMUv2 functionality not available on this system - This is not a bug.
[    1.699677] i8042: PNP: PS/2 Controller [PNP0303:PS2K,PNP0f03:PS2M] at 0x60,0x64 irq 1,12
[    1.700495] serio: i8042 KBD port at 0x60,0x64 irq 1
[    1.700507] serio: i8042 AUX port at 0x60,0x64 irq 12
[    1.700697] mousedev: PS/2 mouse device common for all mice
[    1.701122] input: AT Translated Set 2 keyboard as /devices/platform/i8042/serio0/input/input0
[    1.701944] rtc_cmos rtc_cmos: registered as rtc0
[    1.702040] rtc_cmos rtc_cmos: setting system clock to 2024-01-23T18:39:24 UTC (1706035164)
[    1.702193] rtc_cmos rtc_cmos: alarms up to one day, 114 bytes nvram
[    1.702233] ledtrig-cpu: registered to indicate activity on CPUs
[    1.702348] efifb: probing for efifb
[    1.702360] efifb: framebuffer at 0x80000000, using 3072k, total 3072k
[    1.702363] efifb: mode is 1024x768x32, linelength=4096, pages=1
[    1.702366] efifb: scrolling: redraw
[    1.702367] efifb: Truecolor: size=8:8:8:8, shift=24:16:8:0
[    1.702510] Console: switching to colour frame buffer device 128x48
[    1.707100] fb0: EFI VGA frame buffer device
[    1.741427] NET: Registered PF_INET6 protocol family
[    1.750782] Segment Routing with IPv6
[    1.750806] In-situ OAM (IOAM) with IPv6
[    1.750852] mip6: Mobile IPv6
[    1.750863] NET: Registered PF_PACKET protocol family
[    1.750905] mpls_gso: MPLS GSO support
[    1.751116] IPI shorthand broadcast: enabled
[    1.751159] sched_clock: Marking stable (1756143326, -6858156)->(1394922867, 354362303)
[    1.751319] registered taskstats version 1
[    1.751333] Loading compiled-in X.509 certificates
[    1.783863] Loaded X.509 cert 'Debian Secure Boot CA: 6ccece7e4c6c0d1f6149f3dd27dfcc5cbb419ea1'
[    1.783902] Loaded X.509 cert 'Debian Secure Boot Signer 2022 - linux: 14011249c2675ea8e5148542202005810584b25f'
[    1.784172] zswap: loaded using pool lzo/zbud
[    1.784349] Key type .fscrypt registered
[    1.784351] Key type fscrypt-provisioning registered
[    1.791998] Key type encrypted registered
[    1.792009] AppArmor: AppArmor sha1 policy hashing enabled
[    1.792194] ima: No TPM chip found, activating TPM-bypass!
[    1.792199] ima: Allocated hash algorithm: sha256
[    1.792217] ima: No architecture policies found
[    1.792243] evm: Initialising EVM extended attributes:
[    1.792244] evm: security.selinux
[    1.792246] evm: security.SMACK64 (disabled)
[    1.792247] evm: security.SMACK64EXEC (disabled)
[    1.792249] evm: security.SMACK64TRANSMUTE (disabled)
[    1.792250] evm: security.SMACK64MMAP (disabled)
[    1.792252] evm: security.apparmor
[    1.792253] evm: security.ima
[    1.792254] evm: security.capability
[    1.792255] evm: HMAC attrs: 0x1
[    1.970028] Freeing unused decrypted memory: 2036K
[    1.970954] Freeing unused kernel image (initmem) memory: 2792K
[    1.970962] Write protecting the kernel read-only data: 26624k
[    1.971973] Freeing unused kernel image (text/rodata gap) memory: 2040K
[    1.972397] Freeing unused kernel image (rodata/data gap) memory: 1192K
[    2.063930] x86/mm: Checked W+X mappings: passed, no W+X pages found.
[    2.063985] Run /init as init process
[    2.063988]   with arguments:
[    2.063990]     /init
[    2.063991]   with environment:
[    2.063993]     HOME=/
[    2.063994]     TERM=linux
[    2.063995]     BOOT_IMAGE=/boot/vmlinuz-6.1.0-17-amd64
[    2.213029] ACPI: battery: Slot [BAT0] (battery present)
[    2.246241] piix4_smbus 0000:00:07.0: SMBus Host Controller at 0x4100, revision 0
[    2.344828] ACPI: video: Video Device [GFX0] (multi-head: yes  rom: no  post: no)
[    2.344959] input: Video Bus as /devices/LNXSYSTM:00/LNXSYBUS:00/PNP0A03:00/LNXVIDEO:00/input/input2
[    2.362481] e1000: Intel(R) PRO/1000 Network Driver
[    2.362486] e1000: Copyright (c) 1999-2006 Intel Corporation.
[    2.442606] SCSI subsystem initialized
[    2.523622] ACPI: bus type USB registered
[    2.523683] usbcore: registered new interface driver usbfs
[    2.523699] usbcore: registered new interface driver hub
[    2.523717] usbcore: registered new device driver usb
[    2.576502] ehci-pci 0000:00:0b.0: EHCI Host Controller
[    2.576523] ehci-pci 0000:00:0b.0: new USB bus registered, assigned bus number 1
[    2.577060] ehci-pci 0000:00:0b.0: irq 19, io mem 0x81626000
[    2.598262] ehci-pci 0000:00:0b.0: USB 2.0 started, EHCI 1.00
[    2.598412] usb usb1: New USB device found, idVendor=1d6b, idProduct=0002, bcdDevice= 6.01
[    2.598420] usb usb1: New USB device strings: Mfr=3, Product=2, SerialNumber=1
[    2.598425] usb usb1: Product: EHCI Host Controller
[    2.598429] usb usb1: Manufacturer: Linux 6.1.0-17-amd64 ehci_hcd
[    2.598433] usb usb1: SerialNumber: 0000:00:0b.0
[    2.599015] hub 1-0:1.0: USB hub found
[    2.599031] hub 1-0:1.0: 12 ports detected
[    2.611366] ohci-pci 0000:00:06.0: OHCI PCI host controller
[    2.611387] ohci-pci 0000:00:06.0: new USB bus registered, assigned bus number 2
[    2.611644] ohci-pci 0000:00:06.0: irq 22, io mem 0x81627000
[    2.627272] libata version 3.00 loaded.
[    2.633551] input: ImExPS/2 Generic Explorer Mouse as /devices/platform/i8042/serio1/input/input3
[    2.660196] ata_piix 0000:00:01.1: version 2.13
[    2.662946] ahci 0000:00:0d.0: version 3.0
[    2.664767] ahci 0000:00:0d.0: SSS flag set, parallel bus scan disabled
[    2.665450] ahci 0000:00:0d.0: AHCI 0001.0100 32 slots 1 ports 3 Gbps 0x1 impl SATA mode
[    2.665465] ahci 0000:00:0d.0: flags: 64bit ncq stag only ccc 
[    2.665832] scsi host0: ata_piix
[    2.678270] usb usb2: New USB device found, idVendor=1d6b, idProduct=0001, bcdDevice= 6.01
[    2.678286] usb usb2: New USB device strings: Mfr=3, Product=2, SerialNumber=1
[    2.678292] usb usb2: Product: OHCI PCI host controller
[    2.678296] usb usb2: Manufacturer: Linux 6.1.0-17-amd64 ohci_hcd
[    2.678300] usb usb2: SerialNumber: 0000:00:06.0
[    2.678719] hub 2-0:1.0: USB hub found
[    2.678843] hub 2-0:1.0: 12 ports detected
[    2.679231] scsi host1: ata_piix
[    2.679327] ata1: PATA max UDMA/33 cmd 0x1f0 ctl 0x3f6 bmdma 0xc180 irq 14
[    2.679332] ata2: PATA max UDMA/33 cmd 0x170 ctl 0x376 bmdma 0xc188 irq 15
[    2.684387] scsi host2: ahci
[    2.684576] ata3: SATA max UDMA/133 abar m8192@0x81624000 port 0x81624100 irq 21
[    2.852891] ata2.00: ATAPI: VBOX CD-ROM, 1.0, max UDMA/133
[    2.860797] scsi 1:0:0:0: CD-ROM            VBOX     CD-ROM           1.0  PQ: 0 ANSI: 5
[    2.999870] ata3: SATA link up 3.0 Gbps (SStatus 123 SControl 300)
[    3.000226] ata3.00: ATA-6: VBOX HARDDISK, 1.0, max UDMA/133
[    3.000232] ata3.00: 41943040 sectors, multi 128: LBA48 NCQ (depth 32)
[    3.006421] ata3.00: configured for UDMA/133
[    3.006640] scsi 2:0:0:0: Direct-Access     ATA      VBOX HARDDISK    1.0  PQ: 0 ANSI: 5
[    3.057053] usb 2-1: new full-speed USB device number 2 using ohci-pci
[    3.079879] sr 1:0:0:0: [sr0] scsi3-mmc drive: 32x/32x xa/form2 tray
[    3.079892] cdrom: Uniform CD-ROM driver Revision: 3.20
[    3.123858] sr 1:0:0:0: Attached scsi CD-ROM sr0
[    3.126086] sd 2:0:0:0: [sda] 41943040 512-byte logical blocks: (21.5 GB/20.0 GiB)
[    3.126100] sd 2:0:0:0: [sda] Write Protect is off
[    3.126103] sd 2:0:0:0: [sda] Mode Sense: 00 3a 00 00
[    3.126115] sd 2:0:0:0: [sda] Write cache: enabled, read cache: enabled, doesn't support DPO or FUA
[    3.126129] sd 2:0:0:0: [sda] Preferred minimum I/O size 512 bytes
[    3.137524]  sda: sda1 sda2 sda3
[    3.137788] sd 2:0:0:0: [sda] Attached SCSI disk
[    3.192352] e1000 0000:00:03.0 eth0: (PCI:33MHz:32-bit) 08:00:27:0f:d6:f6
[    3.192489] e1000 0000:00:03.0 eth0: Intel(R) PRO/1000 Network Connection
[    3.221380] e1000 0000:00:03.0 enp0s3: renamed from eth0
[    3.364467] usb 2-1: New USB device found, idVendor=80ee, idProduct=0021, bcdDevice= 1.00
[    3.364479] usb 2-1: New USB device strings: Mfr=1, Product=3, SerialNumber=0
[    3.364482] usb 2-1: Product: USB Tablet
[    3.364485] usb 2-1: Manufacturer: VirtualBox
[    3.383660] hid: raw HID events driver (C) Jiri Kosina
[    3.401109] usbcore: registered new interface driver usbhid
[    3.401116] usbhid: USB HID core driver
[    3.404949] input: VirtualBox USB Tablet as /devices/pci0000:00/0000:00:06.0/usb2/2-1/2-1:1.0/0003:80EE:0021.0001/input/input4
[    3.405159] hid-generic 0003:80EE:0021.0001: input,hidraw0: USB HID v1.10 Mouse [VirtualBox USB Tablet] on usb-0000:00:06.0-1/input0
[    3.573629] PM: Image not found (code -22)
[    3.926944] EXT4-fs (sda2): mounted filesystem with ordered data mode. Quota mode: none.
[    4.015522] Not activating Mandatory Access Control as /sbin/tomoyo-init does not exist.
[    4.148093] systemd[1]: Inserted module 'autofs4'
[    4.190758] systemd[1]: systemd 252.19-1~deb12u1 running in system mode (+PAM +AUDIT +SELINUX +APPARMOR +IMA +SMACK +SECCOMP +GCRYPT -GNUTLS +OPENSSL +ACL +BLKID +CURL +ELFUTILS +FIDO2 +IDN2 -IDN +IPTC +KMOD +LIBCRYPTSETUP +LIBFDISK +PCRE2 -PWQUALITY +P11KIT +QRENCODE +TPM2 +BZIP2 +LZ4 +XZ +ZLIB +ZSTD -BPF_FRAMEWORK -XKBCOMMON +UTMP +SYSVINIT default-hierarchy=unified)
[    4.190768] systemd[1]: Detected virtualization oracle.
[    4.190776] systemd[1]: Detected architecture x86-64.
[    4.193146] systemd[1]: Hostname set to <cs695>.
[    4.199930] systemd[1]: Invalid DMI field header.
[    4.626436] systemd[1]: Queued start job for default target graphical.target.
[    4.634940] systemd[1]: Created slice system-getty.slice - Slice /system/getty.
[    4.635645] systemd[1]: Created slice system-modprobe.slice - Slice /system/modprobe.
[    4.636144] systemd[1]: Created slice user.slice - User and Session Slice.
[    4.636282] systemd[1]: Started systemd-ask-password-console.path - Dispatch Password Requests to Console Directory Watch.
[    4.636372] systemd[1]: Started systemd-ask-password-wall.path - Forward Password Requests to Wall Directory Watch.
[    4.636876] systemd[1]: Set up automount proc-sys-fs-binfmt_misc.automount - Arbitrary Executable File Formats File System Automount Point.
[    4.636986] systemd[1]: Reached target cryptsetup.target - Local Encrypted Volumes.
[    4.637049] systemd[1]: Reached target integritysetup.target - Local Integrity Protected Volumes.
[    4.637115] systemd[1]: Reached target paths.target - Path Units.
[    4.637162] systemd[1]: Reached target remote-fs.target - Remote File Systems.
[    4.637191] systemd[1]: Reached target slices.target - Slice Units.
[    4.637293] systemd[1]: Reached target veritysetup.target - Local Verity Protected Volumes.
[    4.637547] systemd[1]: Listening on systemd-fsckd.socket - fsck to fsckd communication Socket.
[    4.637666] systemd[1]: Listening on systemd-initctl.socket - initctl Compatibility Named Pipe.
[    4.638131] systemd[1]: Listening on systemd-journald-audit.socket - Journal Audit Socket.
[    4.638339] systemd[1]: Listening on systemd-journald-dev-log.socket - Journal Socket (/dev/log).
[    4.638880] systemd[1]: Listening on systemd-journald.socket - Journal Socket.
[    4.639883] systemd[1]: Listening on systemd-udevd-control.socket - udev Control Socket.
[    4.640171] systemd[1]: Listening on systemd-udevd-kernel.socket - udev Kernel Socket.
[    4.642116] systemd[1]: Mounting dev-hugepages.mount - Huge Pages File System...
[    4.644095] systemd[1]: Mounting dev-mqueue.mount - POSIX Message Queue File System...
[    4.646874] systemd[1]: Mounting sys-kernel-debug.mount - Kernel Debug File System...
[    4.657538] systemd[1]: Mounting sys-kernel-tracing.mount - Kernel Trace File System...
[    4.669537] systemd[1]: Starting keyboard-setup.service - Set the console keyboard layout...
[    4.671718] systemd[1]: Starting kmod-static-nodes.service - Create List of Static Device Nodes...
[    4.674456] systemd[1]: Starting modprobe@configfs.service - Load Kernel Module configfs...
[    4.688381] systemd[1]: Starting modprobe@dm_mod.service - Load Kernel Module dm_mod...
[    4.697671] systemd[1]: Starting modprobe@drm.service - Load Kernel Module drm...
[    4.713992] systemd[1]: Starting modprobe@efi_pstore.service - Load Kernel Module efi_pstore...
[    4.730749] systemd[1]: Starting modprobe@fuse.service - Load Kernel Module fuse...
[    4.764067] systemd[1]: Starting modprobe@loop.service - Load Kernel Module loop...
[    4.764267] systemd[1]: systemd-fsck-root.service - File System Check on Root Device was skipped because of an unmet condition check (ConditionPathExists=!/run/initramfs/fsck-root).
[    4.768687] pstore: Using crash dump compression: deflate
[    4.778669] pstore: Registered efi as persistent store backend
[    4.793653] systemd[1]: Starting systemd-journald.service - Journal Service...
[    4.812411] systemd[1]: Starting systemd-modules-load.service - Load Kernel Modules...
[    4.839600] systemd[1]: Starting systemd-remount-fs.service - Remount Root and Kernel File Systems...
[    4.864010] loop: module loaded
[    4.865583] device-mapper: core: CONFIG_IMA_DISABLE_HTABLE is disabled. Duplicate IMA measurements will not be recorded in the IMA log.
[    4.865632] device-mapper: uevent: version 1.0.3
[    4.865751] device-mapper: ioctl: 4.47.0-ioctl (2022-07-28) initialised: dm-devel@redhat.com
[    4.893989] fuse: init (API version 7.37)
[    4.897896] systemd[1]: Starting systemd-udev-trigger.service - Coldplug All udev Devices...
[    4.924469] systemd[1]: Mounted dev-hugepages.mount - Huge Pages File System.
[    4.924815] systemd[1]: Mounted dev-mqueue.mount - POSIX Message Queue File System.
[    4.924997] systemd[1]: Mounted sys-kernel-debug.mount - Kernel Debug File System.
[    4.925154] systemd[1]: Mounted sys-kernel-tracing.mount - Kernel Trace File System.
[    4.942272] systemd[1]: Finished kmod-static-nodes.service - Create List of Static Device Nodes.
[    4.943302] systemd[1]: modprobe@configfs.service: Deactivated successfully.
[    4.949866] systemd[1]: Finished modprobe@configfs.service - Load Kernel Module configfs.
[    4.952288] systemd[1]: modprobe@dm_mod.service: Deactivated successfully.
[    4.956608] systemd[1]: Finished modprobe@dm_mod.service - Load Kernel Module dm_mod.
[    4.962150] systemd[1]: modprobe@efi_pstore.service: Deactivated successfully.
[    4.969527] EXT4-fs (sda2): re-mounted. Quota mode: none.
[    4.970858] systemd[1]: Finished modprobe@efi_pstore.service - Load Kernel Module efi_pstore.
[    4.973399] systemd[1]: modprobe@fuse.service: Deactivated successfully.
[    4.987280] systemd[1]: Finished modprobe@fuse.service - Load Kernel Module fuse.
[    4.988233] systemd[1]: modprobe@loop.service: Deactivated successfully.
[    5.023255] systemd[1]: Finished modprobe@loop.service - Load Kernel Module loop.
[    5.024048] systemd[1]: Finished systemd-modules-load.service - Load Kernel Modules.
[    5.024566] systemd[1]: Finished systemd-remount-fs.service - Remount Root and Kernel File Systems.
[    5.037712] systemd[1]: Mounting sys-fs-fuse-connections.mount - FUSE Control File System...
[    5.039939] systemd[1]: Mounting sys-kernel-config.mount - Kernel Configuration File System...
[    5.040075] systemd[1]: systemd-firstboot.service - First Boot Wizard was skipped because of an unmet condition check (ConditionFirstBoot=yes).
[    5.069633] systemd[1]: Starting systemd-pstore.service - Platform Persistent Storage Archival...
[    5.074699] systemd[1]: Starting systemd-random-seed.service - Load/Save Random Seed...
[    5.074940] systemd[1]: systemd-repart.service - Repartition Root Disk was skipped because no trigger condition checks were met.
[    5.094095] systemd[1]: Starting systemd-sysctl.service - Apply Kernel Variables...
[    5.113920] systemd[1]: Starting systemd-sysusers.service - Create System Users...
[    5.116107] systemd[1]: Mounted sys-fs-fuse-connections.mount - FUSE Control File System.
[    5.116321] systemd[1]: Mounted sys-kernel-config.mount - Kernel Configuration File System.
[    5.179409] ACPI: bus type drm_connector registered
[    5.182862] systemd[1]: modprobe@drm.service: Deactivated successfully.
[    5.183160] systemd[1]: Finished modprobe@drm.service - Load Kernel Module drm.
[    5.192559] systemd[1]: Finished systemd-pstore.service - Platform Persistent Storage Archival.
[    5.204847] systemd[1]: Finished systemd-sysctl.service - Apply Kernel Variables.
[    5.208353] systemd[1]: Finished systemd-random-seed.service - Load/Save Random Seed.
[    5.208547] systemd[1]: first-boot-complete.target - First Boot Complete was skipped because of an unmet condition check (ConditionFirstBoot=yes).
[    5.263048] systemd[1]: Finished systemd-sysusers.service - Create System Users.
[    5.278932] systemd[1]: Starting systemd-tmpfiles-setup-dev.service - Create Static Device Nodes in /dev...
[    5.327708] systemd[1]: Started systemd-journald.service - Journal Service.
[    5.380684] systemd-journald[214]: Received client request to flush runtime journal.
[    5.383503] systemd-journald[214]: File /var/log/journal/b0550d9894fd48e3ba4225c209a64177/system.journal corrupted or uncleanly shut down, renaming and replacing.
[    5.876820] sr 1:0:0:0: Attached scsi generic sg0 type 5
[    5.876926] sd 2:0:0:0: Attached scsi generic sg1 type 0
[    6.041242] input: Power Button as /devices/LNXSYSTM:00/LNXPWRBN:00/input/input5
[    6.047580] ACPI: AC: AC Adapter [AC] (off-line)
[    6.057720] ACPI: button: Power Button [PWRF]
[    6.058129] input: Sleep Button as /devices/LNXSYSTM:00/LNXSLPBN:00/input/input6
[    6.062657] ACPI: button: Sleep Button [SLPF]
[    6.256347] vboxguest: host-version: 7.0.6r155176 0x8000000f
[    6.258243] vbg_heartbeat_init: Setting up heartbeat to trigger every 2000 milliseconds
[    6.306778] input: VirtualBox mouse integration as /devices/pci0000:00/0000:00:04.0/input/input7
[    6.329295] input: PC Speaker as /devices/platform/pcspkr/input/input8
[    6.349323] cryptd: max_cpu_qlen set to 1000
[    6.572998] AVX2 version of gcm_enc/dec engaged.
[    6.573055] AES CTR mode by8 optimization enabled
[    6.756791] Adding 999420k swap on /dev/sda3.  Priority:-2 extents:1 across:999420k FS
[    6.827977] Console: switching to colour dummy device 80x25
[    6.828925] vmwgfx 0000:00:02.0: vgaarb: deactivate vga console
[    6.834386] vmwgfx 0000:00:02.0: [drm] FIFO at 0x0000000081400000 size is 2048 kiB
[    6.834410] vmwgfx 0000:00:02.0: [drm] VRAM at 0x0000000080000000 size is 16384 kiB
[    6.834429] vmwgfx 0000:00:02.0: [drm] Running on SVGA version 2.
[    6.834441] vmwgfx 0000:00:02.0: [drm] Capabilities: rect copy, cursor, cursor bypass, cursor bypass 2, alpha cursor, extended fifo, pitchlock, irq mask, gmr, traces, gmr2, screen object 2, command buffers, 
[    6.834444] vmwgfx 0000:00:02.0: [drm] DMA map mode: Caching DMA mappings.
[    6.834538] vmwgfx 0000:00:02.0: [drm] Legacy memory limits: VRAM = 16384 kB, FIFO = 2048 kB, surface = 507904 kB
[    6.834543] vmwgfx 0000:00:02.0: [drm] MOB limits: max mob size = 0 kB, max mob pages = 0
[    6.834546] vmwgfx 0000:00:02.0: [drm] Max GMR ids is 8192
[    6.834548] vmwgfx 0000:00:02.0: [drm] Max number of GMR pages is 1048576
[    6.834550] vmwgfx 0000:00:02.0: [drm] Maximum display memory size is 16384 kiB
[    6.844071] vmwgfx 0000:00:02.0: [drm] Screen Object display unit initialized
[    6.844541] vmwgfx 0000:00:02.0: [drm] Fifo max 0x00200000 min 0x00001000 cap 0x00000355
[    6.844804] vmwgfx 0000:00:02.0: [drm] Using command buffers with DMA pool.
[    6.844820] vmwgfx 0000:00:02.0: [drm] Available shader model: Legacy.
[    6.844831] [drm:vmw_host_printf [vmwgfx]] *ERROR* Failed to send host log message.
[    6.851860] fbcon: svgadrmfb (fb0) is primary device
[    6.866478] Console: switching to colour frame buffer device 128x48
[    6.882901] FAT-fs (sda1): Volume was not properly unmounted. Some data may be corrupt. Please run fsck.
[    6.889380] [drm] Initialized vmwgfx 2.20.0 20211206 for 0000:00:02.0 on minor 0
[    6.983833] snd_intel8x0 0000:00:05.0: allow list rate for 1028:0177 is 48000
[    7.262035] audit: type=1400 audit(1706035170.056:2): apparmor="STATUS" operation="profile_load" profile="unconfined" name="lsb_release" pid=426 comm="apparmor_parser"
[    7.309814] audit: type=1400 audit(1706035170.104:3): apparmor="STATUS" operation="profile_load" profile="unconfined" name="nvidia_modprobe" pid=431 comm="apparmor_parser"
[    7.309828] audit: type=1400 audit(1706035170.104:4): apparmor="STATUS" operation="profile_load" profile="unconfined" name="nvidia_modprobe//kmod" pid=431 comm="apparmor_parser"
[    7.403907] intel_rapl_common: Found RAPL domain package
[    7.403922] intel_rapl_common: Found RAPL domain core
[    7.426481] audit: type=1400 audit(1706035170.224:5): apparmor="STATUS" operation="profile_load" profile="unconfined" name="/usr/lib/NetworkManager/nm-dhcp-client.action" pid=433 comm="apparmor_parser"
[    7.426496] audit: type=1400 audit(1706035170.224:6): apparmor="STATUS" operation="profile_load" profile="unconfined" name="/usr/lib/NetworkManager/nm-dhcp-helper" pid=433 comm="apparmor_parser"
[    7.426503] audit: type=1400 audit(1706035170.224:7): apparmor="STATUS" operation="profile_load" profile="unconfined" name="/usr/lib/connman/scripts/dhclient-script" pid=433 comm="apparmor_parser"
[    7.426510] audit: type=1400 audit(1706035170.224:8): apparmor="STATUS" operation="profile_load" profile="unconfined" name="/{,usr/}sbin/dhclient" pid=433 comm="apparmor_parser"
[    7.448884] audit: type=1400 audit(1706035170.240:9): apparmor="STATUS" operation="profile_load" profile="unconfined" name="/usr/bin/man" pid=435 comm="apparmor_parser"
[    7.448900] audit: type=1400 audit(1706035170.240:10): apparmor="STATUS" operation="profile_load" profile="unconfined" name="man_filter" pid=435 comm="apparmor_parser"
[    7.448906] audit: type=1400 audit(1706035170.240:11): apparmor="STATUS" operation="profile_load" profile="unconfined" name="man_groff" pid=435 comm="apparmor_parser"
[    7.638212] e1000: enp0s3 NIC Link is Up 1000 Mbps Full Duplex, Flow Control: RX
[    7.638784] IPv6: ADDRCONF(NETDEV_CHANGE): enp0s3: link becomes ready
[   27.131120] systemd-journald[214]: File /var/log/journal/b0550d9894fd48e3ba4225c209a64177/user-1000.journal corrupted or uncleanly shut down, renaming and replacing.
[ 1460.216705] lkm2: loading out-of-tree module taints kernel.
[ 1460.216826] lkm2: module verification failed: signature and/or required key missing - tainting kernel
[ 1460.217068] lkm2: unknown parameter '123' ignored
[ 1460.217139] PID 0 not found
[ 1572.833157] [123]:[scsi_eh_1]
[ 1734.668840] LMK2 Completed
[ 1737.477153] [123]:scsi_eh_1: [(efault)]
[ 1923.249137] LMK2 Completed
[ 1925.504692] [123]:scsi_eh_1: [1]
[ 1945.114089] LMK2 Completed
[ 1948.721868] [1]:systemd: [1]
[ 1948.721880] [214]:[systemd-journal]
[ 1948.721883] [233]:[systemd-udevd]
[ 1948.721885] [3117]:[(udev-worker)]
[ 1948.721888] [418]:[systemd-timesyn]
[ 1948.721890] [461]:[cron]
[ 1948.721892] [463]:[dbus-daemon]
[ 1948.721894] [469]:[systemd-logind]
[ 1948.721896] [450]:[dhclient]
[ 1948.721899] [491]:[login]
[ 1948.721901] [591]:[bash]
[ 1948.721903] [501]:[sshd]
[ 1948.721905] [594]:[sshd]
[ 1948.721907] [600]:[sshd]
[ 1948.721909] [601]:[bash]
[ 1948.721911] [646]:[sh]
[ 1948.721913] [656]:[node]
[ 1948.721915] [756]:[node]
[ 1948.721917] [892]:[node]
[ 1948.721919] [763]:[node]
[ 1948.721921] [790]:[node]
[ 1948.721923] [906]:[bash]
[ 1948.721926] [3120]:[sudo]
[ 1948.721927] [3121]:[sudo]
[ 1948.721929] [3122]:[insmod]
[ 1948.721932] [2768]:[sleep]
[ 1948.721934] [788]:[sshd]
[ 1948.721936] [808]:[sshd]
[ 1948.721938] [811]:[bash]
[ 1948.721940] [837]:[code-8b3775030e]
[ 1948.721942] [2769]:[sleep]
[ 1948.721944] [509]:[apache2]
[ 1948.721946] [510]:[apache2]
[ 1948.721948] [511]:[apache2]
[ 1948.721950] [575]:[systemd]
[ 1948.721952] [576]:[(sd-pam)]
[ 1953.459814] LMK2 Completed
[ 2410.635407] [1]:systemd: [1]
[ 2410.635419] [214]:[systemd-journal]
[ 2410.635423] [233]:[systemd-udevd]
[ 2410.635425] [418]:[systemd-timesyn]
[ 2410.635427] [461]:[cron]
[ 2410.635429] [463]:[dbus-daemon]
[ 2410.635432] [469]:[systemd-logind]
[ 2410.635434] [450]:[dhclient]
[ 2410.635436] [491]:[login]
[ 2410.635438] [591]:[bash]
[ 2410.635440] [501]:[sshd]
[ 2410.635442] [594]:[sshd]
[ 2410.635445] [600]:[sshd]
[ 2410.635447] [601]:[bash]
[ 2410.635449] [646]:[sh]
[ 2410.635451] [656]:[node]
[ 2410.635453] [756]:[node]
[ 2410.635455] [892]:[node]
[ 2410.635457] [763]:[node]
[ 2410.635459] [790]:[node]
[ 2410.635461] [906]:[bash]
[ 2410.635463] [3960]:[sudo]
[ 2410.635466] [3961]:[sudo]
[ 2410.635468] [3962]:[insmod]
[ 2410.635470] [3633]:[sleep]
[ 2410.635472] [788]:[sshd]
[ 2410.635474] [808]:[sshd]
[ 2410.635476] [811]:[bash]
[ 2410.635624] [837]:[code-8b3775030e]
[ 2410.635627] [3922]:[sleep]
[ 2410.635630] [509]:[apache2]
[ 2410.635632] [510]:[apache2]
[ 2410.635634] [511]:[apache2]
[ 2410.635636] [575]:[systemd]
[ 2410.635638] [576]:[(sd-pam)]
[ 2420.827527] LMK2 Completed
[ 2433.844505] [10]:mm_percpu_wq: [1026]
[ 2438.470405] LMK2 Completed
[ 2535.477921] [13]:rcu_tasks_trace: [1026]
[ 2539.350523] LMK2 Completed
[ 2862.209570] [575]:systemd: [1]
[ 2862.209578] [576]:[(sd-pam)]
